// Jest Snapshot v1, https://goo.gl/fbAQLP

exports[`it should render page header should render <Menuitems /> for header items 1`] = `ShallowWrapper {}`;
