// Jest Snapshot v1, https://goo.gl/fbAQLP

exports[`it should render homepage thumbnail should render fullbg 1`] = `ShallowWrapper {}`;
